[2019-05-09T00:23:46,261][INFO ][o.e.e.NodeEnvironment    ] [hostname.changed.com] using [2] data paths, mounts [[/home (/dev/mapper/vg_os-lv_home), /data (/dev/mapper/vg_os-lv_data)]], net usable_space [26.3gb], net total_space [51.1gb], types [ext4]
[2019-05-09T00:23:46,264][INFO ][o.e.e.NodeEnvironment    ] [hostname.changed.com] heap size [1.9gb], compressed ordinary object pointers [true]
[2019-05-09T00:23:46,486][INFO ][o.e.n.Node               ] [hostname.changed.com] node name [hostname.changed.com], node ID [jG4MSlobSo2gNfA8Qdlzfw]
[2019-05-09T00:23:46,486][INFO ][o.e.n.Node               ] [hostname.changed.com] version[7.0.0], pid[2498], build[default/tar/b7e28a7/2019-04-05T22:55:32.697037Z], OS[Linux/3.10.0-693.21.1.el7.x86_64/amd64], JVM[Oracle Corporation/Java HotSpot(TM) 64-Bit Server VM/1.8.0_121/25.121-b13]
[2019-05-09T00:23:46,487][INFO ][o.e.n.Node               ] [hostname.changed.com] JVM home [/data/arcgis/jdk1.8.0_121/jre]
[2019-05-09T00:23:46,487][INFO ][o.e.n.Node               ] [hostname.changed.com] JVM arguments [-Xms2g, -Xmx2g, -XX:+UseConcMarkSweepGC, -XX:CMSInitiatingOccupancyFraction=75, -XX:+UseCMSInitiatingOccupancyOnly, -Des.networkaddress.cache.ttl=60, -Des.networkaddress.cache.negative.ttl=10, -XX:+AlwaysPreTouch, -Xss1m, -Djava.awt.headless=true, -Dfile.encoding=UTF-8, -Djna.nosys=true, -XX:-OmitStackTraceInFastThrow, -Dio.netty.noUnsafe=true, -Dio.netty.noKeySetOptimization=true, -Dio.netty.recycler.maxCapacityPerThread=0, -Dlog4j.shutdownHookEnabled=false, -Dlog4j2.disable.jmx=true, -Djava.io.tmpdir=/tmp/elasticsearch-4177066114497249996, -XX:+HeapDumpOnOutOfMemoryError, -XX:HeapDumpPath=data, -XX:ErrorFile=logs/hs_err_pid%p.log, -XX:+PrintGCDetails, -XX:+PrintGCDateStamps, -XX:+PrintTenuringDistribution, -XX:+PrintGCApplicationStoppedTime, -Xloggc:logs/gc.log, -XX:+UseGCLogFileRotation, -XX:NumberOfGCLogFiles=32, -XX:GCLogFileSize=64m, -Dio.netty.allocator.type=pooled, -Des.path.home=/data/elk/Elastic-7, -Des.path.conf=/data/elk/Elastic-7/config, -Des.distribution.flavor=default, -Des.distribution.type=tar, -Des.bundled_jdk=true]
[2019-05-09T00:23:48,726][INFO ][o.e.p.PluginsService     ] [hostname.changed.com] loaded module [aggs-matrix-stats]
[2019-05-09T00:23:48,727][INFO ][o.e.p.PluginsService     ] [hostname.changed.com] loaded module [analysis-common]
[2019-05-09T00:23:48,727][INFO ][o.e.p.PluginsService     ] [hostname.changed.com] loaded module [ingest-common]
[2019-05-09T00:23:48,727][INFO ][o.e.p.PluginsService     ] [hostname.changed.com] loaded module [ingest-geoip]
[2019-05-09T00:23:48,727][INFO ][o.e.p.PluginsService     ] [hostname.changed.com] loaded module [ingest-user-agent]
[2019-05-09T00:23:48,728][INFO ][o.e.p.PluginsService     ] [hostname.changed.com] loaded module [lang-expression]
[2019-05-09T00:23:48,728][INFO ][o.e.p.PluginsService     ] [hostname.changed.com] loaded module [lang-mustache]
[2019-05-09T00:23:48,728][INFO ][o.e.p.PluginsService     ] [hostname.changed.com] loaded module [lang-painless]
[2019-05-09T00:23:48,728][INFO ][o.e.p.PluginsService     ] [hostname.changed.com] loaded module [mapper-extras]
[2019-05-09T00:23:48,729][INFO ][o.e.p.PluginsService     ] [hostname.changed.com] loaded module [parent-join]
[2019-05-09T00:23:48,729][INFO ][o.e.p.PluginsService     ] [hostname.changed.com] loaded module [percolator]
[2019-05-09T00:23:48,729][INFO ][o.e.p.PluginsService     ] [hostname.changed.com] loaded module [rank-eval]
[2019-05-09T00:23:48,729][INFO ][o.e.p.PluginsService     ] [hostname.changed.com] loaded module [reindex]
[2019-05-09T00:23:48,729][INFO ][o.e.p.PluginsService     ] [hostname.changed.com] loaded module [repository-url]
[2019-05-09T00:23:48,730][INFO ][o.e.p.PluginsService     ] [hostname.changed.com] loaded module [transport-netty4]
[2019-05-09T00:23:48,730][INFO ][o.e.p.PluginsService     ] [hostname.changed.com] loaded module [x-pack-ccr]
[2019-05-09T00:23:48,730][INFO ][o.e.p.PluginsService     ] [hostname.changed.com] loaded module [x-pack-core]
[2019-05-09T00:23:48,730][INFO ][o.e.p.PluginsService     ] [hostname.changed.com] loaded module [x-pack-deprecation]
[2019-05-09T00:23:48,730][INFO ][o.e.p.PluginsService     ] [hostname.changed.com] loaded module [x-pack-graph]
[2019-05-09T00:23:48,731][INFO ][o.e.p.PluginsService     ] [hostname.changed.com] loaded module [x-pack-ilm]
[2019-05-09T00:23:48,731][INFO ][o.e.p.PluginsService     ] [hostname.changed.com] loaded module [x-pack-logstash]
[2019-05-09T00:23:48,731][INFO ][o.e.p.PluginsService     ] [hostname.changed.com] loaded module [x-pack-ml]
[2019-05-09T00:23:48,731][INFO ][o.e.p.PluginsService     ] [hostname.changed.com] loaded module [x-pack-monitoring]
[2019-05-09T00:23:48,732][INFO ][o.e.p.PluginsService     ] [hostname.changed.com] loaded module [x-pack-rollup]
[2019-05-09T00:23:48,732][INFO ][o.e.p.PluginsService     ] [hostname.changed.com] loaded module [x-pack-security]
[2019-05-09T00:23:48,732][INFO ][o.e.p.PluginsService     ] [hostname.changed.com] loaded module [x-pack-sql]
[2019-05-09T00:23:48,732][INFO ][o.e.p.PluginsService     ] [hostname.changed.com] loaded module [x-pack-watcher]
[2019-05-09T00:23:48,733][INFO ][o.e.p.PluginsService     ] [hostname.changed.com] no plugins loaded
[2019-05-09T00:23:53,546][INFO ][o.e.x.s.a.s.FileRolesStore] [hostname.changed.com] parsed [0] roles from file [/data/elk/Elastic-7/config/roles.yml]
[2019-05-09T00:23:54,243][INFO ][o.e.x.m.p.l.CppLogMessageHandler] [hostname.changed.com] [controller/2565] [Main.cc@109] controller (64 bit): Version 7.0.0 (Build cdaa022645f38d) Copyright (c) 2019 Elasticsearch BV
[2019-05-09T00:23:54,616][DEBUG][o.e.a.ActionModule       ] [hostname.changed.com] Using REST wrapper from plugin org.elasticsearch.xpack.security.Security
[2019-05-09T00:23:55,854][INFO ][o.e.d.DiscoveryModule    ] [hostname.changed.com] using discovery type [zen] and seed hosts providers [settings]
[2019-05-09T00:23:56,771][INFO ][o.e.n.Node               ] [hostname.changed.com] initialized
[2019-05-09T00:23:56,772][INFO ][o.e.n.Node               ] [hostname.changed.com] starting ...
[2019-05-09T00:23:56,919][INFO ][o.e.t.TransportService   ] [hostname.changed.com] publish_address {10.44.10.140:9300}, bound_addresses {[::]:9300}
[2019-05-09T00:23:56,928][INFO ][o.e.b.BootstrapChecks    ] [hostname.changed.com] bound or publishing to a non-loopback address, enforcing bootstrap checks
[2019-05-09T00:23:57,357][INFO ][o.e.c.s.MasterService    ] [hostname.changed.com] elected-as-master ([1] nodes joined)[{hostname.changed.com}{jG4MSlobSo2gNfA8Qdlzfw}{MGDb8Zf5QzCsBvUgjExWQA}{10.44.10.140}{10.44.10.140:9300}{ml.machine_memory=7674531840, xpack.installed=true, ml.max_open_jobs=20} elect leader, _BECOME_MASTER_TASK_, _FINISH_ELECTION_], term: 13, version: 2127, reason: master node changed {previous [], current [{hostname.changed.com}{jG4MSlobSo2gNfA8Qdlzfw}{MGDb8Zf5QzCsBvUgjExWQA}{10.44.10.140}{10.44.10.140:9300}{ml.machine_memory=7674531840, xpack.installed=true, ml.max_open_jobs=20}]}
[2019-05-09T00:23:58,503][INFO ][o.e.c.s.ClusterApplierService] [hostname.changed.com] master node changed {previous [], current [{hostname.changed.com}{jG4MSlobSo2gNfA8Qdlzfw}{MGDb8Zf5QzCsBvUgjExWQA}{10.44.10.140}{10.44.10.140:9300}{ml.machine_memory=7674531840, xpack.installed=true, ml.max_open_jobs=20}]}, term: 13, version: 2127, reason: Publication{term=13, version=2127}
[2019-05-09T00:23:58,592][INFO ][o.e.h.AbstractHttpServerTransport] [hostname.changed.com] publish_address {10.44.10.140:9200}, bound_addresses {[::]:9200}
[2019-05-09T00:23:58,592][INFO ][o.e.n.Node               ] [hostname.changed.com] started
[2019-05-09T00:23:58,978][INFO ][o.e.c.s.ClusterSettings  ] [hostname.changed.com] updating [xpack.monitoring.collection.enabled] from [false] to [true]
[2019-05-09T00:23:59,217][WARN ][r.suppressed             ] [hostname.changed.com] path: /.kibana_task_manager/_search, params: {ignore_unavailable=true, index=.kibana_task_manager}
org.elasticsearch.cluster.block.ClusterBlockException: blocked by: [SERVICE_UNAVAILABLE/1/state not recovered / initialized];
	at org.elasticsearch.cluster.block.ClusterBlocks.globalBlockedException(ClusterBlocks.java:191) ~[elasticsearch-7.0.0.jar:7.0.0]
	at org.elasticsearch.cluster.block.ClusterBlocks.globalBlockedRaiseException(ClusterBlocks.java:177) ~[elasticsearch-7.0.0.jar:7.0.0]
	at org.elasticsearch.action.search.TransportSearchAction.executeSearch(TransportSearchAction.java:466) ~[elasticsearch-7.0.0.jar:7.0.0]
	at org.elasticsearch.action.search.TransportSearchAction.executeLocalSearch(TransportSearchAction.java:399) ~[elasticsearch-7.0.0.jar:7.0.0]
	at org.elasticsearch.action.search.TransportSearchAction.lambda$doExecute$3(TransportSearchAction.java:211) ~[elasticsearch-7.0.0.jar:7.0.0]
	at org.elasticsearch.action.ActionListener$1.onResponse(ActionListener.java:61) ~[elasticsearch-7.0.0.jar:7.0.0]
	at org.elasticsearch.index.query.Rewriteable.rewriteAndFetch(Rewriteable.java:114) ~[elasticsearch-7.0.0.jar:7.0.0]
	at org.elasticsearch.index.query.Rewriteable.rewriteAndFetch(Rewriteable.java:87) ~[elasticsearch-7.0.0.jar:7.0.0]
	at org.elasticsearch.action.search.TransportSearchAction.doExecute(TransportSearchAction.java:241) ~[elasticsearch-7.0.0.jar:7.0.0]
	at org.elasticsearch.action.search.TransportSearchAction.doExecute(TransportSearchAction.java:86) ~[elasticsearch-7.0.0.jar:7.0.0]
	at org.elasticsearch.action.support.TransportAction$RequestFilterChain.proceed(TransportAction.java:145) ~[elasticsearch-7.0.0.jar:7.0.0]
	at org.elasticsearch.xpack.security.action.filter.SecurityActionFilter.apply(SecurityActionFilter.java:122) ~[?:?]
	at org.elasticsearch.action.support.TransportAction$RequestFilterChain.proceed(TransportAction.java:143) ~[elasticsearch-7.0.0.jar:7.0.0]
	at org.elasticsearch.action.support.TransportAction.execute(TransportAction.java:121) ~[elasticsearch-7.0.0.jar:7.0.0]
	at org.elasticsearch.action.support.TransportAction.execute(TransportAction.java:64) ~[elasticsearch-7.0.0.jar:7.0.0]
	at org.elasticsearch.client.node.NodeClient.executeLocally(NodeClient.java:83) ~[elasticsearch-7.0.0.jar:7.0.0]
	at org.elasticsearch.client.node.NodeClient.doExecute(NodeClient.java:72) ~[elasticsearch-7.0.0.jar:7.0.0]
	at org.elasticsearch.client.support.AbstractClient.execute(AbstractClient.java:393) ~[elasticsearch-7.0.0.jar:7.0.0]
	at org.elasticsearch.client.support.AbstractClient.search(AbstractClient.java:526) ~[elasticsearch-7.0.0.jar:7.0.0]
	at org.elasticsearch.rest.action.search.RestSearchAction.lambda$prepareRequest$2(RestSearchAction.java:112) ~[elasticsearch-7.0.0.jar:7.0.0]
	at org.elasticsearch.rest.BaseRestHandler.handleRequest(BaseRestHandler.java:113) [elasticsearch-7.0.0.jar:7.0.0]
	at org.elasticsearch.xpack.security.rest.SecurityRestFilter.handleRequest(SecurityRestFilter.java:69) [x-pack-security-7.0.0.jar:7.0.0]
	at org.elasticsearch.rest.RestController.dispatchRequest(RestController.java:240) [elasticsearch-7.0.0.jar:7.0.0]
	at org.elasticsearch.rest.RestController.tryAllHandlers(RestController.java:337) [elasticsearch-7.0.0.jar:7.0.0]
	at org.elasticsearch.rest.RestController.dispatchRequest(RestController.java:174) [elasticsearch-7.0.0.jar:7.0.0]
	at org.elasticsearch.http.AbstractHttpServerTransport.dispatchRequest(AbstractHttpServerTransport.java:317) [elasticsearch-7.0.0.jar:7.0.0]
	at org.elasticsearch.http.AbstractHttpServerTransport.handleIncomingRequest(AbstractHttpServerTransport.java:367) [elasticsearch-7.0.0.jar:7.0.0]
	at org.elasticsearch.http.AbstractHttpServerTransport.incomingRequest(AbstractHttpServerTransport.java:296) [elasticsearch-7.0.0.jar:7.0.0]
	at org.elasticsearch.http.netty4.Netty4HttpRequestHandler.channelRead0(Netty4HttpRequestHandler.java:66) [transport-netty4-client-7.0.0.jar:7.0.0]
	at org.elasticsearch.http.netty4.Netty4HttpRequestHandler.channelRead0(Netty4HttpRequestHandler.java:31) [transport-netty4-client-7.0.0.jar:7.0.0]
	at io.netty.channel.SimpleChannelInboundHandler.channelRead(SimpleChannelInboundHandler.java:105) [netty-transport-4.1.32.Final.jar:4.1.32.Final]
	at io.netty.channel.AbstractChannelHandlerContext.invokeChannelRead(AbstractChannelHandlerContext.java:362) [netty-transport-4.1.32.Final.jar:4.1.32.Final]
	at io.netty.channel.AbstractChannelHandlerContext.invokeChannelRead(AbstractChannelHandlerContext.java:348) [netty-transport-4.1.32.Final.jar:4.1.32.Final]
	at io.netty.channel.AbstractChannelHandlerContext.fireChannelRead(AbstractChannelHandlerContext.java:340) [netty-transport-4.1.32.Final.jar:4.1.32.Final]
	at org.elasticsearch.http.netty4.Netty4HttpPipeliningHandler.channelRead(Netty4HttpPipeliningHandler.java:58) [transport-netty4-client-7.0.0.jar:7.0.0]
	at io.netty.channel.AbstractChannelHandlerContext.invokeChannelRead(AbstractChannelHandlerContext.java:362) [netty-transport-4.1.32.Final.jar:4.1.32.Final]
	at io.netty.channel.AbstractChannelHandlerContext.invokeChannelRead(AbstractChannelHandlerContext.java:348) [netty-transport-4.1.32.Final.jar:4.1.32.Final]
	at io.netty.channel.AbstractChannelHandlerContext.fireChannelRead(AbstractChannelHandlerContext.java:340) [netty-transport-4.1.32.Final.jar:4.1.32.Final]
	at io.netty.handler.codec.MessageToMessageDecoder.channelRead(MessageToMessageDecoder.java:102) [netty-codec-4.1.32.Final.jar:4.1.32.Final]
	at io.netty.handler.codec.MessageToMessageCodec.channelRead(MessageToMessageCodec.java:111) [netty-codec-4.1.32.Final.jar:4.1.32.Final]
	at io.netty.channel.AbstractChannelHandlerContext.invokeChannelRead(AbstractChannelHandlerContext.java:362) [netty-transport-4.1.32.Final.jar:4.1.32.Final]
	at io.netty.channel.AbstractChannelHandlerContext.invokeChannelRead(AbstractChannelHandlerContext.java:348) [netty-transport-4.1.32.Final.jar:4.1.32.Final]
	at io.netty.channel.AbstractChannelHandlerContext.fireChannelRead(AbstractChannelHandlerContext.java:340) [netty-transport-4.1.32.Final.jar:4.1.32.Final]
	at io.netty.handler.codec.MessageToMessageDecoder.channelRead(MessageToMessageDecoder.java:102) [netty-codec-4.1.32.Final.jar:4.1.32.Final]
	at io.netty.channel.AbstractChannelHandlerContext.invokeChannelRead(AbstractChannelHandlerContext.java:362) [netty-transport-4.1.32.Final.jar:4.1.32.Final]
	at io.netty.channel.AbstractChannelHandlerContext.invokeChannelRead(AbstractChannelHandlerContext.java:348) [netty-transport-4.1.32.Final.jar:4.1.32.Final]
	at io.netty.channel.AbstractChannelHandlerContext.fireChannelRead(AbstractChannelHandlerContext.java:340) [netty-transport-4.1.32.Final.jar:4.1.32.Final]
	at io.netty.handler.codec.MessageToMessageDecoder.channelRead(MessageToMessageDecoder.java:102) [netty-codec-4.1.32.Final.jar:4.1.32.Final]
	at io.netty.channel.AbstractChannelHandlerContext.invokeChannelRead(AbstractChannelHandlerContext.java:362) [netty-transport-4.1.32.Final.jar:4.1.32.Final]
	at io.netty.channel.AbstractChannelHandlerContext.invokeChannelRead(AbstractChannelHandlerContext.java:348) [netty-transport-4.1.32.Final.jar:4.1.32.Final]
	at io.netty.channel.AbstractChannelHandlerContext.fireChannelRead(AbstractChannelHandlerContext.java:340) [netty-transport-4.1.32.Final.jar:4.1.32.Final]
	at io.netty.handler.codec.ByteToMessageDecoder.fireChannelRead(ByteToMessageDecoder.java:323) [netty-codec-4.1.32.Final.jar:4.1.32.Final]
	at io.netty.handler.codec.ByteToMessageDecoder.channelRead(ByteToMessageDecoder.java:297) [netty-codec-4.1.32.Final.jar:4.1.32.Final]
	at io.netty.channel.AbstractChannelHandlerContext.invokeChannelRead(AbstractChannelHandlerContext.java:362) [netty-transport-4.1.32.Final.jar:4.1.32.Final]
	at io.netty.channel.AbstractChannelHandlerContext.invokeChannelRead(AbstractChannelHandlerContext.java:348) [netty-transport-4.1.32.Final.jar:4.1.32.Final]
	at io.netty.channel.AbstractChannelHandlerContext.fireChannelRead(AbstractChannelHandlerContext.java:340) [netty-transport-4.1.32.Final.jar:4.1.32.Final]
	at io.netty.handler.timeout.IdleStateHandler.channelRead(IdleStateHandler.java:286) [netty-handler-4.1.32.Final.jar:4.1.32.Final]
	at io.netty.channel.AbstractChannelHandlerContext.invokeChannelRead(AbstractChannelHandlerContext.java:362) [netty-transport-4.1.32.Final.jar:4.1.32.Final]
	at io.netty.channel.AbstractChannelHandlerContext.invokeChannelRead(AbstractChannelHandlerContext.java:348) [netty-transport-4.1.32.Final.jar:4.1.32.Final]
	at io.netty.channel.AbstractChannelHandlerContext.fireChannelRead(AbstractChannelHandlerContext.java:340) [netty-transport-4.1.32.Final.jar:4.1.32.Final]
	at io.netty.channel.DefaultChannelPipeline$HeadContext.channelRead(DefaultChannelPipeline.java:1434) [netty-transport-4.1.32.Final.jar:4.1.32.Final]
	at io.netty.channel.AbstractChannelHandlerContext.invokeChannelRead(AbstractChannelHandlerContext.java:362) [netty-transport-4.1.32.Final.jar:4.1.32.Final]
	at io.netty.channel.AbstractChannelHandlerContext.invokeChannelRead(AbstractChannelHandlerContext.java:348) [netty-transport-4.1.32.Final.jar:4.1.32.Final]
	at io.netty.channel.DefaultChannelPipeline.fireChannelRead(DefaultChannelPipeline.java:965) [netty-transport-4.1.32.Final.jar:4.1.32.Final]
	at io.netty.channel.nio.AbstractNioByteChannel$NioByteUnsafe.read(AbstractNioByteChannel.java:163) [netty-transport-4.1.32.Final.jar:4.1.32.Final]
	at io.netty.channel.nio.NioEventLoop.processSelectedKey(NioEventLoop.java:656) [netty-transport-4.1.32.Final.jar:4.1.32.Final]
	at io.netty.channel.nio.NioEventLoop.processSelectedKeysPlain(NioEventLoop.java:556) [netty-transport-4.1.32.Final.jar:4.1.32.Final]
	at io.netty.channel.nio.NioEventLoop.processSelectedKeys(NioEventLoop.java:510) [netty-transport-4.1.32.Final.jar:4.1.32.Final]
	at io.netty.channel.nio.NioEventLoop.run(NioEventLoop.java:470) [netty-transport-4.1.32.Final.jar:4.1.32.Final]
	at io.netty.util.concurrent.SingleThreadEventExecutor$5.run(SingleThreadEventExecutor.java:909) [netty-common-4.1.32.Final.jar:4.1.32.Final]
	at java.lang.Thread.run(Thread.java:745) [?:1.8.0_121]
